ID: 1
Informasi Profil:
Nama: 
Tanggal Lahir: 
Username: 
Password: 