Masukkan kata (Publik/Privat): Publik
Boolean Value: true
Converted Word: Publik