Enter new bio: 
| Nama: Novel
| Bio Akun: ini bio
| No HP: 
| Weton: 