Enter new phone number: 
| Nama: Novel
| Bio Akun: 
| No HP: 08123456789
| Weton: 