Enter new weton: 
| Nama: Novel
| Bio Akun: 
| No HP: 
| Weton: wage