Stack Berkait Draf setelah Push:
Stack Berkait Draft:
| Date Time:
| Text: Ini Draf
| Nama: Tuan Hak