| ID = 1
| Tuan Hak
| 0/0/0 0:0:0
| Ini sebuah balasan.

   | ID = 1
   | Tuan Hak
   | 0/0/0 0:0:0
   | Ini sebuah balasan.

   | ID = 2
   | Tuan Hak
   | 0/0/0 0:0:0
   | Ini sebuah balasan.

   | ID = 3
   | Tuan Hak
   | 0/0/0 0:0:0
   | Ini sebuah balasan.

      | ID = 1
      | Tuan Hak
      | 0/0/0 0:0:0
      | Ini sebuah balasan.

      | ID = 2
      | Tuan Hak
      | 0/0/0 0:0:0
      | Ini sebuah balasan.

      | ID = 3
      | Tuan Hak
      | 0/0/0 0:0:0
      | Ini sebuah balasan.

      | ID = 4
      | Tuan Hak
      | 0/0/0 0:0:0
      | Ini sebuah balasan.

      | ID = 5
      | Tuan Hak
      | 0/0/0 0:0:0
      | Ini sebuah balasan.

      | ID = 6
      | Tuan Hak
      | 0/0/0 0:0:0
      | Ini sebuah balasan.

      | ID = 7
      | Tuan Hak
      | 0/0/0 0:0:0
      | Ini sebuah balasan.

   | ID = 4
   | Tuan Hak
   | 0/0/0 0:0:0
   | Ini sebuah balasan.

   | ID = 5
   | Tuan Hak
   | 0/0/0 0:0:0
   | Ini sebuah balasan.

   | ID = 6
   | Tuan Hak
   | 0/0/0 0:0:0
   | Ini sebuah balasan.

   | ID = 7
   | Tuan Hak
   | 0/0/0 0:0:0
   | Ini sebuah balasan.

| ID = 2
| Tuan Hak
| 0/0/0 0:0:0
| Ini sebuah balasan.

| ID = 3
| Tuan Hak
| 0/0/0 0:0:0
| Ini sebuah balasan.

| ID = 4
| Tuan Hak
| 0/0/0 0:0:0
| Ini sebuah balasan.

   | ID = 1
   | Tuan Hak
   | 0/0/0 0:0:0
   | Ini sebuah balasan.

   | ID = 2
   | Tuan Hak
   | 0/0/0 0:0:0
   | Ini sebuah balasan.

   | ID = 4
   | Tuan Hak
   | 0/0/0 0:0:0
   | Ini sebuah balasan.

   | ID = 5
   | Tuan Hak
   | 0/0/0 0:0:0
   | Ini sebuah balasan.

| ID = 5
| Tuan Hak
| 0/0/0 0:0:0
| Ini sebuah balasan.

| ID = 6
| Tuan Hak
| 0/0/0 0:0:0
| Ini sebuah balasan.

| ID = 7
| Tuan Hak
| 0/0/0 0:0:0
| Ini sebuah balasan.

| ID = 8
| Tuan Hak
| 0/0/0 0:0:0
| Ini sebuah balasan.

| ID = 9
| Tuan Hak
| 0/0/0 0:0:0
| Ini sebuah balasan.

| ID = 10
| Tuan Hak
| 0/0/0 0:0:0
| Ini sebuah balasan.

