Popped element: 50
Stack after Pop:
[10, 20, 30, 40]
